Archive member included because of file (symbol)

d:/courses/embedded systems _ data/programs/eclipse-avrgcc/bin/../lib/gcc/avr/4.3.3/avr5\libgcc.a(_exit.o)
                              d:/courses/embedded systems _ data/programs/eclipse-avrgcc/bin/../lib/gcc/avr/4.3.3/../../../../avr/lib/avr5/crtm32.o (exit)
d:/courses/embedded systems _ data/programs/eclipse-avrgcc/bin/../lib/gcc/avr/4.3.3/avr5\libgcc.a(_copy_data.o)
                              ./APP/app.o (__do_copy_data)
d:/courses/embedded systems _ data/programs/eclipse-avrgcc/bin/../lib/gcc/avr/4.3.3/avr5\libgcc.a(_clear_bss.o)
                              ./MCAL/interrupt.o (__do_clear_bss)

Memory Configuration

Name             Origin             Length             Attributes
text             0x00000000         0x00020000         xr
data             0x00800060         0x0000ffa0         rw !x
eeprom           0x00810000         0x00010000         rw !x
fuse             0x00820000         0x00000400         rw !x
lock             0x00830000         0x00000400         rw !x
signature        0x00840000         0x00000400         rw !x
*default*        0x00000000         0xffffffff

Linker script and memory map

LOAD d:/courses/embedded systems _ data/programs/eclipse-avrgcc/bin/../lib/gcc/avr/4.3.3/../../../../avr/lib/avr5/crtm32.o
LOAD ./MCAL/gpio.o
LOAD ./MCAL/interrupt.o
LOAD ./MCAL/timer1.o
LOAD ./HAL/null.o
LOAD ./APP/app.o
LOAD ./main.o
LOAD d:/courses/embedded systems _ data/programs/eclipse-avrgcc/bin/../lib/gcc/avr/4.3.3/avr5\libgcc.a
LOAD d:/courses/embedded systems _ data/programs/eclipse-avrgcc/bin/../lib/gcc/avr/4.3.3/../../../../avr/lib/avr5\libc.a
LOAD d:/courses/embedded systems _ data/programs/eclipse-avrgcc/bin/../lib/gcc/avr/4.3.3/avr5\libgcc.a

.hash
 *(.hash)

.dynsym
 *(.dynsym)

.dynstr
 *(.dynstr)

.gnu.version
 *(.gnu.version)

.gnu.version_d
 *(.gnu.version_d)

.gnu.version_r
 *(.gnu.version_r)

.rel.init
 *(.rel.init)

.rela.init
 *(.rela.init)

.rel.text
 *(.rel.text)
 *(.rel.text.*)
 *(.rel.gnu.linkonce.t*)

.rela.text
 *(.rela.text)
 *(.rela.text.*)
 *(.rela.gnu.linkonce.t*)

.rel.fini
 *(.rel.fini)

.rela.fini
 *(.rela.fini)

.rel.rodata
 *(.rel.rodata)
 *(.rel.rodata.*)
 *(.rel.gnu.linkonce.r*)

.rela.rodata
 *(.rela.rodata)
 *(.rela.rodata.*)
 *(.rela.gnu.linkonce.r*)

.rel.data
 *(.rel.data)
 *(.rel.data.*)
 *(.rel.gnu.linkonce.d*)

.rela.data
 *(.rela.data)
 *(.rela.data.*)
 *(.rela.gnu.linkonce.d*)

.rel.ctors
 *(.rel.ctors)

.rela.ctors
 *(.rela.ctors)

.rel.dtors
 *(.rel.dtors)

.rela.dtors
 *(.rela.dtors)

.rel.got
 *(.rel.got)

.rela.got
 *(.rela.got)

.rel.bss
 *(.rel.bss)

.rela.bss
 *(.rela.bss)

.rel.plt
 *(.rel.plt)

.rela.plt
 *(.rela.plt)

.text           0x00000000      0xed4
 *(.vectors)
 .vectors       0x00000000       0x54 d:/courses/embedded systems _ data/programs/eclipse-avrgcc/bin/../lib/gcc/avr/4.3.3/../../../../avr/lib/avr5/crtm32.o
                0x00000000                __vectors
                0x00000000                __vector_default
 *(.vectors)
 *(.progmem.gcc*)
 *(.progmem*)
                0x00000054                . = ALIGN (0x2)
                0x00000054                __trampolines_start = .
 *(.trampolines)
 .trampolines   0x00000054        0x0 linker stubs
 *(.trampolines*)
                0x00000054                __trampolines_end = .
 *(.jumptables)
 *(.jumptables*)
 *(.lowtext)
 *(.lowtext*)
                0x00000054                __ctors_start = .
 *(.ctors)
                0x00000054                __ctors_end = .
                0x00000054                __dtors_start = .
 *(.dtors)
                0x00000054                __dtors_end = .
 SORT(*)(.ctors)
 SORT(*)(.dtors)
 *(.init0)
 .init0         0x00000054        0x0 d:/courses/embedded systems _ data/programs/eclipse-avrgcc/bin/../lib/gcc/avr/4.3.3/../../../../avr/lib/avr5/crtm32.o
                0x00000054                __init
 *(.init0)
 *(.init1)
 *(.init1)
 *(.init2)
 .init2         0x00000054        0xc d:/courses/embedded systems _ data/programs/eclipse-avrgcc/bin/../lib/gcc/avr/4.3.3/../../../../avr/lib/avr5/crtm32.o
 *(.init2)
 *(.init3)
 *(.init3)
 *(.init4)
 .init4         0x00000060       0x16 d:/courses/embedded systems _ data/programs/eclipse-avrgcc/bin/../lib/gcc/avr/4.3.3/avr5\libgcc.a(_copy_data.o)
                0x00000060                __do_copy_data
 .init4         0x00000076       0x10 d:/courses/embedded systems _ data/programs/eclipse-avrgcc/bin/../lib/gcc/avr/4.3.3/avr5\libgcc.a(_clear_bss.o)
                0x00000076                __do_clear_bss
 *(.init4)
 *(.init5)
 *(.init5)
 *(.init6)
 *(.init6)
 *(.init7)
 *(.init7)
 *(.init8)
 *(.init8)
 *(.init9)
 .init9         0x00000086        0x8 d:/courses/embedded systems _ data/programs/eclipse-avrgcc/bin/../lib/gcc/avr/4.3.3/../../../../avr/lib/avr5/crtm32.o
 *(.init9)
 *(.text)
 .text          0x0000008e        0x4 d:/courses/embedded systems _ data/programs/eclipse-avrgcc/bin/../lib/gcc/avr/4.3.3/../../../../avr/lib/avr5/crtm32.o
                0x0000008e                __vector_12
                0x0000008e                __bad_interrupt
                0x0000008e                __vector_6
                0x0000008e                __vector_11
                0x0000008e                __vector_13
                0x0000008e                __vector_17
                0x0000008e                __vector_19
                0x0000008e                __vector_5
                0x0000008e                __vector_4
                0x0000008e                __vector_15
                0x0000008e                __vector_8
                0x0000008e                __vector_14
                0x0000008e                __vector_10
                0x0000008e                __vector_16
                0x0000008e                __vector_18
                0x0000008e                __vector_20
 .text          0x00000092        0x0 ./MCAL/gpio.o
 .text          0x00000092        0x0 ./MCAL/interrupt.o
 .text          0x00000092        0x0 ./MCAL/timer1.o
 .text          0x00000092        0x0 ./HAL/null.o
 .text          0x00000092        0x0 ./APP/app.o
 .text          0x00000092        0x0 ./main.o
 .text          0x00000092        0x0 d:/courses/embedded systems _ data/programs/eclipse-avrgcc/bin/../lib/gcc/avr/4.3.3/avr5\libgcc.a(_exit.o)
 .text          0x00000092        0x0 d:/courses/embedded systems _ data/programs/eclipse-avrgcc/bin/../lib/gcc/avr/4.3.3/avr5\libgcc.a(_copy_data.o)
 .text          0x00000092        0x0 d:/courses/embedded systems _ data/programs/eclipse-avrgcc/bin/../lib/gcc/avr/4.3.3/avr5\libgcc.a(_clear_bss.o)
                0x00000092                . = ALIGN (0x2)
 *(.text.*)
 .text.GPIO_setupPinDirection
                0x00000092      0x1d8 ./MCAL/gpio.o
                0x00000092                GPIO_setupPinDirection
 .text.GPIO_setupPortDirection
                0x0000026a       0x70 ./MCAL/gpio.o
                0x0000026a                GPIO_setupPortDirection
 .text.GPIO_writePin
                0x000002da      0x1e6 ./MCAL/gpio.o
                0x000002da                GPIO_writePin
 .text.GPIO_writePort
                0x000004c0       0x70 ./MCAL/gpio.o
                0x000004c0                GPIO_writePort
 .text.GPIO_readPin
                0x00000530       0xec ./MCAL/gpio.o
                0x00000530                GPIO_readPin
 .text.GPIO_readPort
                0x0000061c       0x74 ./MCAL/gpio.o
                0x0000061c                GPIO_readPort
 .text.INT_init
                0x00000690       0xc2 ./MCAL/interrupt.o
                0x00000690                INT_init
 .text.INT_deInit
                0x00000752       0x30 ./MCAL/interrupt.o
                0x00000752                INT_deInit
 .text.INT_changeConfig
                0x00000782       0xa0 ./MCAL/interrupt.o
                0x00000782                INT_changeConfig
 .text.INT_setISR
                0x00000822       0x3c ./MCAL/interrupt.o
                0x00000822                INT_setISR
 .text.__vector_1
                0x0000085e       0x66 ./MCAL/interrupt.o
                0x0000085e                __vector_1
 .text.__vector_2
                0x000008c4       0x66 ./MCAL/interrupt.o
                0x000008c4                __vector_2
 .text.__vector_3
                0x0000092a       0x66 ./MCAL/interrupt.o
                0x0000092a                __vector_3
 .text.__vector_9
                0x00000990       0x66 ./MCAL/timer1.o
                0x00000990                __vector_9
 .text.__vector_7
                0x000009f6       0x66 ./MCAL/timer1.o
                0x000009f6                __vector_7
 .text.TIMER1_init
                0x00000a5c       0x90 ./MCAL/timer1.o
                0x00000a5c                TIMER1_init
 .text.TIMER1_deInit
                0x00000aec       0x4a ./MCAL/timer1.o
                0x00000aec                TIMER1_deInit
 .text.TIMER1_getTCRT
                0x00000b36       0x16 ./MCAL/timer1.o
                0x00000b36                TIMER1_getTCRT
 .text.TIMER1_setCallBack
                0x00000b4c       0x24 ./MCAL/timer1.o
                0x00000b4c                TIMER1_setCallBack
 .text.APP_init
                0x00000b70       0xdc ./APP/app.o
                0x00000b70                APP_init
 .text.APP_inc_seconds
                0x00000c4c       0x18 ./APP/app.o
                0x00000c4c                APP_inc_seconds
 .text.APP_pass_horizontal
                0x00000c64       0x1c ./APP/app.o
                0x00000c64                APP_pass_horizontal
 .text.APP_pass_vertical
                0x00000c80       0x1c ./APP/app.o
                0x00000c80                APP_pass_vertical
 .text.APP_traffic_light_control
                0x00000c9c      0x222 ./APP/app.o
                0x00000c9c                APP_traffic_light_control
 .text.main     0x00000ebe       0x12 ./main.o
                0x00000ebe                main
 .text.libgcc   0x00000ed0        0x0 d:/courses/embedded systems _ data/programs/eclipse-avrgcc/bin/../lib/gcc/avr/4.3.3/avr5\libgcc.a(_exit.o)
 .text.libgcc   0x00000ed0        0x0 d:/courses/embedded systems _ data/programs/eclipse-avrgcc/bin/../lib/gcc/avr/4.3.3/avr5\libgcc.a(_copy_data.o)
 .text.libgcc   0x00000ed0        0x0 d:/courses/embedded systems _ data/programs/eclipse-avrgcc/bin/../lib/gcc/avr/4.3.3/avr5\libgcc.a(_clear_bss.o)
                0x00000ed0                . = ALIGN (0x2)
 *(.fini9)
 .fini9         0x00000ed0        0x0 d:/courses/embedded systems _ data/programs/eclipse-avrgcc/bin/../lib/gcc/avr/4.3.3/avr5\libgcc.a(_exit.o)
                0x00000ed0                exit
                0x00000ed0                _exit
 *(.fini9)
 *(.fini8)
 *(.fini8)
 *(.fini7)
 *(.fini7)
 *(.fini6)
 *(.fini6)
 *(.fini5)
 *(.fini5)
 *(.fini4)
 *(.fini4)
 *(.fini3)
 *(.fini3)
 *(.fini2)
 *(.fini2)
 *(.fini1)
 *(.fini1)
 *(.fini0)
 .fini0         0x00000ed0        0x4 d:/courses/embedded systems _ data/programs/eclipse-avrgcc/bin/../lib/gcc/avr/4.3.3/avr5\libgcc.a(_exit.o)
 *(.fini0)
                0x00000ed4                _etext = .

.data           0x00800060        0x6 load address 0x00000ed4
                0x00800060                PROVIDE (__data_start, .)
 *(.data)
 .data          0x00800060        0x0 d:/courses/embedded systems _ data/programs/eclipse-avrgcc/bin/../lib/gcc/avr/4.3.3/../../../../avr/lib/avr5/crtm32.o
 .data          0x00800060        0x0 ./MCAL/gpio.o
 .data          0x00800060        0x0 ./MCAL/interrupt.o
 .data          0x00800060        0x0 ./MCAL/timer1.o
 .data          0x00800060        0x0 ./HAL/null.o
 .data          0x00800060        0x0 ./APP/app.o
 .data          0x00800060        0x0 ./main.o
 .data          0x00800060        0x0 d:/courses/embedded systems _ data/programs/eclipse-avrgcc/bin/../lib/gcc/avr/4.3.3/avr5\libgcc.a(_exit.o)
 .data          0x00800060        0x0 d:/courses/embedded systems _ data/programs/eclipse-avrgcc/bin/../lib/gcc/avr/4.3.3/avr5\libgcc.a(_copy_data.o)
 .data          0x00800060        0x0 d:/courses/embedded systems _ data/programs/eclipse-avrgcc/bin/../lib/gcc/avr/4.3.3/avr5\libgcc.a(_clear_bss.o)
 *(.data*)
 *(.rodata)
 *(.rodata*)
 .rodata.C.0.1322
                0x00800060        0x6 ./APP/app.o
 *(.gnu.linkonce.d*)
                0x00800066                . = ALIGN (0x2)
                0x00800066                _edata = .
                0x00800066                PROVIDE (__data_end, .)

.bss            0x00800066        0x9
                0x00800066                PROVIDE (__bss_start, .)
 *(.bss)
 .bss           0x00800066        0x0 d:/courses/embedded systems _ data/programs/eclipse-avrgcc/bin/../lib/gcc/avr/4.3.3/../../../../avr/lib/avr5/crtm32.o
 .bss           0x00800066        0x0 ./MCAL/gpio.o
 .bss           0x00800066        0x0 ./MCAL/interrupt.o
 .bss           0x00800066        0x0 ./MCAL/timer1.o
 .bss           0x00800066        0x0 ./HAL/null.o
 .bss           0x00800066        0x0 ./APP/app.o
 .bss           0x00800066        0x0 ./main.o
 .bss           0x00800066        0x0 d:/courses/embedded systems _ data/programs/eclipse-avrgcc/bin/../lib/gcc/avr/4.3.3/avr5\libgcc.a(_exit.o)
 .bss           0x00800066        0x0 d:/courses/embedded systems _ data/programs/eclipse-avrgcc/bin/../lib/gcc/avr/4.3.3/avr5\libgcc.a(_copy_data.o)
 .bss           0x00800066        0x0 d:/courses/embedded systems _ data/programs/eclipse-avrgcc/bin/../lib/gcc/avr/4.3.3/avr5\libgcc.a(_clear_bss.o)
 *(.bss*)
 .bss.g_callBackPtr
                0x00800066        0x6 ./MCAL/interrupt.o
 .bss.g_callBackPtr
                0x0080006c        0x2 ./MCAL/timer1.o
 .bss.g_seconds
                0x0080006e        0x1 ./APP/app.o
                0x0080006e                g_seconds
 *(COMMON)
                0x0080006f                PROVIDE (__bss_end, .)
                0x00000ed4                __data_load_start = LOADADDR (.data)
                0x00000eda                __data_load_end = (__data_load_start + SIZEOF (.data))

.noinit         0x0080006f        0x0
                0x0080006f                PROVIDE (__noinit_start, .)
 *(.noinit*)
                0x0080006f                PROVIDE (__noinit_end, .)
                0x0080006f                _end = .
                0x0080006f                PROVIDE (__heap_start, .)

.eeprom         0x00810000        0x0
 *(.eeprom*)
                0x00810000                __eeprom_end = .

.fuse
 *(.fuse)
 *(.lfuse)
 *(.hfuse)
 *(.efuse)

.lock
 *(.lock*)

.signature
 *(.signature*)

.stab           0x00000000     0x1794
 *(.stab)
 .stab          0x00000000      0x798 ./MCAL/gpio.o
 .stab          0x00000798      0x3cc ./MCAL/interrupt.o
                                0x618 (size before relaxing)
 .stab          0x00000b64      0x324 ./MCAL/timer1.o
                                0x570 (size before relaxing)
 .stab          0x00000e88       0xd8 ./HAL/null.o
                                 0xe4 (size before relaxing)
 .stab          0x00000f60      0x708 ./APP/app.o
                                0x8c4 (size before relaxing)
 .stab          0x00001668      0x12c ./main.o
                                0x1c8 (size before relaxing)

.stabstr        0x00000000     0x12c4
 *(.stabstr)
 .stabstr       0x00000000     0x12c4 ./MCAL/gpio.o

.stab.excl
 *(.stab.excl)

.stab.exclstr
 *(.stab.exclstr)

.stab.index
 *(.stab.index)

.stab.indexstr
 *(.stab.indexstr)

.comment
 *(.comment)

.debug
 *(.debug)

.line
 *(.line)

.debug_srcinfo
 *(.debug_srcinfo)

.debug_sfnames
 *(.debug_sfnames)

.debug_aranges
 *(.debug_aranges)

.debug_pubnames
 *(.debug_pubnames)

.debug_info
 *(.debug_info)
 *(.gnu.linkonce.wi.*)

.debug_abbrev
 *(.debug_abbrev)

.debug_line
 *(.debug_line)

.debug_frame
 *(.debug_frame)

.debug_str
 *(.debug_str)

.debug_loc
 *(.debug_loc)

.debug_macinfo
 *(.debug_macinfo)
OUTPUT(Traffic_Light.elf elf32-avr)
LOAD linker stubs
